[
    {
        "id": 1,
        "title": "test1",
        "author": "author1"
    },
    {
        "id": 2,
        "title": "test2",
        "author": "author2"
    }
]