[
    {
        "id": 1,
        "title": "word1",
        "desc": "description1",
        "lab": "lab1"
    },
    {
        "id": 2,
        "title": "word2",
        "desc": "description2",
        "lab": "lab2"
    }
]
