{
    "title": "Test Title",
    "desc": "Test Description",
    "lab": "Test Lab",
    "article_id": [999]
}