{
    "title": "Implement a handler", "desc": "aaa", "lab": "sss", "article_id": 1
}
