{
    "title": "Test Title",
    "author": "Test author"
}